------------------------------------------------------------
Timing Analyzer Summary
------------------------------------------------------------

Type  : Slow 1200mV 85C Model Setup 'PLL_inst|altpll_component|auto_generated|pll1|clk[0]'
Slack : 20.992
TNS   : 0.000

Type  : Slow 1200mV 85C Model Hold 'PLL_inst|altpll_component|auto_generated|pll1|clk[0]'
Slack : 0.456
TNS   : 0.000

Type  : Slow 1200mV 85C Model Minimum Pulse Width 'Sys_clk'
Slack : 9.910
TNS   : 0.000

Type  : Slow 1200mV 85C Model Minimum Pulse Width 'PLL_inst|altpll_component|auto_generated|pll1|clk[0]'
Slack : 19.700
TNS   : 0.000

Type  : Slow 1200mV 0C Model Setup 'PLL_inst|altpll_component|auto_generated|pll1|clk[0]'
Slack : 22.287
TNS   : 0.000

Type  : Slow 1200mV 0C Model Hold 'PLL_inst|altpll_component|auto_generated|pll1|clk[0]'
Slack : 0.404
TNS   : 0.000

Type  : Slow 1200mV 0C Model Minimum Pulse Width 'Sys_clk'
Slack : 9.918
TNS   : 0.000

Type  : Slow 1200mV 0C Model Minimum Pulse Width 'PLL_inst|altpll_component|auto_generated|pll1|clk[0]'
Slack : 19.699
TNS   : 0.000

Type  : Fast 1200mV 0C Model Setup 'PLL_inst|altpll_component|auto_generated|pll1|clk[0]'
Slack : 31.868
TNS   : 0.000

Type  : Fast 1200mV 0C Model Hold 'PLL_inst|altpll_component|auto_generated|pll1|clk[0]'
Slack : 0.188
TNS   : 0.000

Type  : Fast 1200mV 0C Model Minimum Pulse Width 'Sys_clk'
Slack : 9.587
TNS   : 0.000

Type  : Fast 1200mV 0C Model Minimum Pulse Width 'PLL_inst|altpll_component|auto_generated|pll1|clk[0]'
Slack : 19.786
TNS   : 0.000

------------------------------------------------------------
