------------------------------------------------------------
Timing Analyzer Summary
------------------------------------------------------------

Type  : Slow 1200mV 85C Model Setup 'clk'
Slack : -4.342
TNS   : -229.777

Type  : Slow 1200mV 85C Model Setup 'rst_n'
Slack : -1.318
TNS   : -5.127

Type  : Slow 1200mV 85C Model Hold 'clk'
Slack : 0.454
TNS   : 0.000

Type  : Slow 1200mV 85C Model Hold 'rst_n'
Slack : 0.767
TNS   : 0.000

Type  : Slow 1200mV 85C Model Recovery 'clk'
Slack : 0.122
TNS   : 0.000

Type  : Slow 1200mV 85C Model Removal 'clk'
Slack : -0.170
TNS   : -12.850

Type  : Slow 1200mV 85C Model Minimum Pulse Width 'clk'
Slack : -3.000
TNS   : -118.986

Type  : Slow 1200mV 85C Model Minimum Pulse Width 'rst_n'
Slack : -3.000
TNS   : -3.000

Type  : Slow 1200mV 0C Model Setup 'clk'
Slack : -3.998
TNS   : -208.387

Type  : Slow 1200mV 0C Model Setup 'rst_n'
Slack : -1.143
TNS   : -4.454

Type  : Slow 1200mV 0C Model Hold 'clk'
Slack : 0.402
TNS   : 0.000

Type  : Slow 1200mV 0C Model Hold 'rst_n'
Slack : 0.677
TNS   : 0.000

Type  : Slow 1200mV 0C Model Recovery 'clk'
Slack : 0.192
TNS   : 0.000

Type  : Slow 1200mV 0C Model Removal 'clk'
Slack : -0.161
TNS   : -12.093

Type  : Slow 1200mV 0C Model Minimum Pulse Width 'clk'
Slack : -3.000
TNS   : -118.986

Type  : Slow 1200mV 0C Model Minimum Pulse Width 'rst_n'
Slack : -3.000
TNS   : -3.000

Type  : Fast 1200mV 0C Model Setup 'clk'
Slack : -1.310
TNS   : -58.373

Type  : Fast 1200mV 0C Model Setup 'rst_n'
Slack : -0.064
TNS   : -0.184

Type  : Fast 1200mV 0C Model Hold 'clk'
Slack : 0.139
TNS   : 0.000

Type  : Fast 1200mV 0C Model Hold 'rst_n'
Slack : 0.316
TNS   : 0.000

Type  : Fast 1200mV 0C Model Recovery 'clk'
Slack : -0.053
TNS   : -3.705

Type  : Fast 1200mV 0C Model Removal 'clk'
Slack : -0.118
TNS   : -8.873

Type  : Fast 1200mV 0C Model Minimum Pulse Width 'clk'
Slack : -3.000
TNS   : -85.280

Type  : Fast 1200mV 0C Model Minimum Pulse Width 'rst_n'
Slack : -3.000
TNS   : -3.000

------------------------------------------------------------
